// Jest Snapshot v1, https://goo.gl/fbAQLP

exports[`renders the component 1`] = `
<Fragment>
  <WithStyles(TransferEtherButton)
    onClick={[Function]}
  />
  <ApolloConsumer>
    <Component />
  </ApolloConsumer>
</Fragment>
`;
