// Jest Snapshot v1, https://goo.gl/fbAQLP

exports[`renders the component 1`] = `
<InfiniteLoader
  isItemLoaded={[Function]}
  itemCount={0}
  loadMoreItems={[Function]}
>
  <Component />
</InfiniteLoader>
`;
