// Jest Snapshot v1, https://goo.gl/fbAQLP

exports[`renders the component 1`] = `
<Modal
  classes={
    Object {
      "paper": "Modal-paper-1",
    }
  }
  onClose={[Function]}
  open={true}
>
  <Component />
</Modal>
`;
