// Jest Snapshot v1, https://goo.gl/fbAQLP

exports[`renders the component 1`] = `
<InfiniteList
  hasNextPage={false}
  isNextPageLoading={false}
  items={Array []}
  loadNextPage={[Function]}
  rowHeight={30}
  rowRenderer={[Function]}
/>
`;
