// Jest Snapshot v1, https://goo.gl/fbAQLP

exports[`renders the component 1`] = `
<TransferEtherModal
  classes={Object {}}
  handleClose={[Function]}
  handleTransfer={[Function]}
  open={true}
/>
`;
