// Jest Snapshot v1, https://goo.gl/fbAQLP

exports[`renders without crashing 1`] = `
<Fragment>
  <UserTransactionsModalContainer
    handleClose={[Function]}
    handleOpen={[Function]}
    open={false}
    userId={null}
  />
  <UsersTableContainer
    onRowClick={[Function]}
  />
</Fragment>
`;
